MO CB4RE_MXILINX_composit NULL composit.vf vlg41/_c_b4_r_e___m_x_i_l_i_n_x__composit.bin 1545221107
MO FD_MXILINX_composit NULL composit.vf vlg2B/_f_d___m_x_i_l_i_n_x__composit.bin 1545221107
MO FDRE_MXILINX_composit NULL composit.vf vlg36/_f_d_r_e___m_x_i_l_i_n_x__composit.bin 1545221107
MO test_Verilog NULL test_Verilog.v vlg0B/test___verilog.bin 1545221107
MO composit NULL composit.vf vlg3E/composit.bin 1545221107
MO FTRSE_MXILINX_composit NULL composit.vf vlg11/_f_t_r_s_e___m_x_i_l_i_n_x__composit.bin 1545221107
