MO CB2CE_MXILINX_add_test_Verilog NULL add_test_Verilog.vf vlg51/_c_b2_c_e___m_x_i_l_i_n_x__add__test___verilog.bin 1545218065
MO FTCE_MXILINX_add_test_Verilog NULL add_test_Verilog.vf vlg30/_f_t_c_e___m_x_i_l_i_n_x__add__test___verilog.bin 1545218065
MO add_test_Verilog NULL add_test_Verilog.vf vlg3F/add__test___verilog.bin 1545218065
